[     191ms] [INFO] %cDownload the React DevTools for a better development experience: https://react.dev/link/react-devtools font-weight:bold @ http://localhost:3000/_next/static/chunks/node_modules_next_dist_1e8vcs8._.js:776
[     231ms] [LOG] [HMR] connected @ http://localhost:3000/_next/static/chunks/node_modules_next_dist_1e8vcs8._.js:776
[   29149ms] [WARNING] Image with src "http://localhost:3000/images/obsidian-knot.webp" has "fill" and parent element with invalid "position". Provided "static" should be one of absolute,fixed,relative. @ http://localhost:3000/_next/static/chunks/node_modules_next_dist_1e8vcs8._.js:776
[   35699ms] [LOG] [Fast Refresh] rebuilding @ http://localhost:3000/_next/static/chunks/node_modules_next_dist_1e8vcs8._.js:776
[   35757ms] [LOG] [Fast Refresh] done in 2ms @ http://localhost:3000/_next/static/chunks/node_modules_next_dist_1e8vcs8._.js:776
[   36186ms] [LOG] [Fast Refresh] done in 2ms @ http://localhost:3000/_next/static/chunks/node_modules_next_dist_1e8vcs8._.js:776
[   65805ms] [LOG] [Fast Refresh] rebuilding @ http://localhost:3000/_next/static/chunks/node_modules_next_dist_1e8vcs8._.js:776
[   65851ms] [LOG] [Fast Refresh] done in 2ms @ http://localhost:3000/_next/static/chunks/node_modules_next_dist_1e8vcs8._.js:776
[   69914ms] [LOG] [Fast Refresh] done in 2ms @ http://localhost:3000/_next/static/chunks/node_modules_next_dist_1e8vcs8._.js:776
[   94211ms] [LOG] [Fast Refresh] rebuilding @ http://localhost:3000/_next/static/chunks/node_modules_next_dist_1e8vcs8._.js:776
[   94266ms] [ERROR] ./src/components/MoltenMetal.tsx:1:17
Error: You're importing a module that depends on `useEffect` into a React Server Component module. This API is only available in Client Components. To fix, mark the file (or its parent) with the `"use client"` directive.
    Learn more: https://nextjs.org/docs/app/api-reference/directives/use-client
> 1 | import React, { useEffect, useRef } from 'react';
    |                 ^^^^^^^^^
  2 | import { Renderer, Program, Mesh, Triangle } from 'ogl';
  3 |
  4 | export type MoltenMetalColorMode = 'molten' | 'ember' | 'frost';

Ecmascript file had an error

Import trace:
  Server Component:
    ./src/components/MoltenMetal.tsx
    ./src/app/page.tsx @ http://localhost:3000/_next/static/chunks/node_modules_next_dist_1e8vcs8._.js:1052
[   94266ms] [ERROR] ./src/components/MoltenMetal.tsx:1:28
Error: You're importing a module that depends on `useRef` into a React Server Component module. This API is only available in Client Components. To fix, mark the file (or its parent) with the `"use client"` directive.
    Learn more: https://nextjs.org/docs/app/api-reference/directives/use-client
> 1 | import React, { useEffect, useRef } from 'react';
    |                            ^^^^^^
  2 | import { Renderer, Program, Mesh, Triangle } from 'ogl';
  3 |
  4 | export type MoltenMetalColorMode = 'molten' | 'ember' | 'frost';

Ecmascript file had an error

Import trace:
  Server Component:
    ./src/components/MoltenMetal.tsx
    ./src/app/page.tsx @ http://localhost:3000/_next/static/chunks/node_modules_next_dist_1e8vcs8._.js:1052
[   94336ms] [ERROR] ./src/components/MoltenMetal.tsx:1:17
Error: You're importing a module that depends on `useEffect` into a React Server Component module. This API is only available in Client Components. To fix, mark the file (or its parent) with the `"use client"` directive.
    Learn more: https://nextjs.org/docs/app/api-reference/directives/use-client
> 1 | import React, { useEffect, useRef } from 'react';
    |                 ^^^^^^^^^
  2 | import { Renderer, Program, Mesh, Triangle } from 'ogl';
  3 |
  4 | export type MoltenMetalColorMode = 'molten' | 'ember' | 'frost';

Ecmascript file had an error

Import trace:
  Server Component:
    ./src/components/MoltenMetal.tsx
    ./src/app/page.tsx @ http://localhost:3000/_next/static/chunks/node_modules_next_dist_1e8vcs8._.js:1052
[   94336ms] [ERROR] ./src/components/MoltenMetal.tsx:1:28
Error: You're importing a module that depends on `useRef` into a React Server Component module. This API is only available in Client Components. To fix, mark the file (or its parent) with the `"use client"` directive.
    Learn more: https://nextjs.org/docs/app/api-reference/directives/use-client
> 1 | import React, { useEffect, useRef } from 'react';
    |                            ^^^^^^
  2 | import { Renderer, Program, Mesh, Triangle } from 'ogl';
  3 |
  4 | export type MoltenMetalColorMode = 'molten' | 'ember' | 'frost';

Ecmascript file had an error

Import trace:
  Server Component:
    ./src/components/MoltenMetal.tsx
    ./src/app/page.tsx @ http://localhost:3000/_next/static/chunks/node_modules_next_dist_1e8vcs8._.js:1052
[  119319ms] [LOG] [Fast Refresh] rebuilding @ http://localhost:3000/_next/static/chunks/node_modules_next_dist_1e8vcs8._.js:776
[  119347ms] [LOG] [Fast Refresh] done in 10ms @ http://localhost:3000/_next/static/chunks/node_modules_next_dist_1e8vcs8._.js:776
[  123515ms] [LOG] [Fast Refresh] done in 10ms @ http://localhost:3000/_next/static/chunks/node_modules_next_dist_1e8vcs8._.js:776
[  129925ms] [LOG] [Fast Refresh] done in 10ms @ http://localhost:3000/_next/static/chunks/node_modules_next_dist_1e8vcs8._.js:776
[  189930ms] [LOG] [Fast Refresh] done in 10ms @ http://localhost:3000/_next/static/chunks/node_modules_next_dist_1e8vcs8._.js:776
