[     270ms] [INFO] Successfully set dark color mode. @ https://www.reactbits.dev/assets/index-CH3Tu9gL.js:207
[     306ms] [WARNING] Failed to decode downloaded font: https://www.reactbits.dev/assets/css/geist/dist/fonts/geist-sans/Geist-Variable.woff2 @ https://www.reactbits.dev/animations/metallic-paint:0
[     306ms] [WARNING] OTS parsing error: invalid sfntVersion: 1008821359 @ https://www.reactbits.dev/animations/metallic-paint:0
[     306ms] [WARNING] Failed to decode downloaded font: https://www.reactbits.dev/assets/css/geist/dist/fonts/geist-sans/Geist-Variable.woff2 @ https://www.reactbits.dev/animations/metallic-paint:0
[     306ms] [WARNING] OTS parsing error: invalid sfntVersion: 1008821359 @ https://www.reactbits.dev/animations/metallic-paint:0
[     306ms] [WARNING] Failed to decode downloaded font: https://www.reactbits.dev/assets/css/geist/dist/fonts/geist-sans/Geist-Variable.woff2 @ https://www.reactbits.dev/animations/metallic-paint:0
[     306ms] [WARNING] OTS parsing error: invalid sfntVersion: 1008821359 @ https://www.reactbits.dev/animations/metallic-paint:0
[     309ms] [WARNING] Failed to decode downloaded font: https://www.reactbits.dev/assets/css/geist/dist/fonts/geist-mono/GeistMono-Variable.woff2 @ https://www.reactbits.dev/animations/metallic-paint:0
[     309ms] [WARNING] OTS parsing error: invalid sfntVersion: 1008821359 @ https://www.reactbits.dev/animations/metallic-paint:0
[     309ms] [WARNING] Failed to decode downloaded font: https://www.reactbits.dev/assets/css/geist/dist/fonts/geist-mono/GeistMono-Variable.woff2 @ https://www.reactbits.dev/animations/metallic-paint:0
[     309ms] [WARNING] OTS parsing error: invalid sfntVersion: 1008821359 @ https://www.reactbits.dev/animations/metallic-paint:0
[     309ms] [WARNING] Failed to decode downloaded font: https://www.reactbits.dev/assets/css/geist/dist/fonts/geist-mono/GeistMono-Variable.woff2 @ https://www.reactbits.dev/animations/metallic-paint:0
[     309ms] [WARNING] OTS parsing error: invalid sfntVersion: 1008821359 @ https://www.reactbits.dev/animations/metallic-paint:0
[     335ms] [WARNING] Failed to decode downloaded font: https://www.reactbits.dev/assets/css/geist/dist/fonts/geist-sans/Geist-Variable.woff2 @ https://www.reactbits.dev/animations/metallic-paint:0
[     335ms] [WARNING] OTS parsing error: invalid sfntVersion: 1008821359 @ https://www.reactbits.dev/animations/metallic-paint:0
[     335ms] [WARNING] Failed to decode downloaded font: https://www.reactbits.dev/assets/css/geist/dist/fonts/geist-mono/GeistMono-Variable.woff2 @ https://www.reactbits.dev/animations/metallic-paint:0
[     335ms] [WARNING] OTS parsing error: invalid sfntVersion: 1008821359 @ https://www.reactbits.dev/animations/metallic-paint:0
[     468ms] [WARNING] Failed to decode downloaded font: https://www.reactbits.dev/assets/css/geist/dist/fonts/geist-sans/Geist-Variable.woff2 @ https://www.reactbits.dev/assets/useComponentProps-Dk6qkyZj.js:29
[     468ms] [WARNING] OTS parsing error: invalid sfntVersion: 1008821359 @ https://www.reactbits.dev/assets/useComponentProps-Dk6qkyZj.js:29
[     468ms] [WARNING] Failed to decode downloaded font: https://www.reactbits.dev/assets/css/geist/dist/fonts/geist-mono/GeistMono-Variable.woff2 @ https://www.reactbits.dev/assets/useComponentProps-Dk6qkyZj.js:29
[     468ms] [WARNING] OTS parsing error: invalid sfntVersion: 1008821359 @ https://www.reactbits.dev/assets/useComponentProps-Dk6qkyZj.js:29
[     651ms] [WARNING] Failed to decode downloaded font: https://www.reactbits.dev/assets/css/geist/dist/fonts/geist-sans/Geist-Variable.woff2 @ https://www.reactbits.dev/assets/index-CH3Tu9gL.js:229
[     651ms] [WARNING] OTS parsing error: invalid sfntVersion: 1008821359 @ https://www.reactbits.dev/assets/index-CH3Tu9gL.js:229
[     651ms] [WARNING] Failed to decode downloaded font: https://www.reactbits.dev/assets/css/geist/dist/fonts/geist-mono/GeistMono-Variable.woff2 @ https://www.reactbits.dev/assets/index-CH3Tu9gL.js:229
[     652ms] [WARNING] OTS parsing error: invalid sfntVersion: 1008821359 @ https://www.reactbits.dev/assets/index-CH3Tu9gL.js:229
[   35564ms] [WARNING] Failed to decode downloaded font: https://www.reactbits.dev/assets/css/geist/dist/fonts/geist-sans/Geist-Variable.woff2 @ https://www.reactbits.dev/animations/metallic-paint:0
[   35564ms] [WARNING] OTS parsing error: invalid sfntVersion: 1008821359 @ https://www.reactbits.dev/animations/metallic-paint:0
[   35564ms] [WARNING] Failed to decode downloaded font: https://www.reactbits.dev/assets/css/geist/dist/fonts/geist-mono/GeistMono-Variable.woff2 @ https://www.reactbits.dev/animations/metallic-paint:0
[   35564ms] [WARNING] OTS parsing error: invalid sfntVersion: 1008821359 @ https://www.reactbits.dev/animations/metallic-paint:0
[   35764ms] [WARNING] Failed to decode downloaded font: https://www.reactbits.dev/assets/css/geist/dist/fonts/geist-sans/Geist-Variable.woff2 @ https://www.reactbits.dev/animations/metallic-paint:0
[   35764ms] [WARNING] OTS parsing error: invalid sfntVersion: 1008821359 @ https://www.reactbits.dev/animations/metallic-paint:0
[   35764ms] [WARNING] Failed to decode downloaded font: https://www.reactbits.dev/assets/css/geist/dist/fonts/geist-mono/GeistMono-Variable.woff2 @ https://www.reactbits.dev/animations/metallic-paint:0
[   35764ms] [WARNING] OTS parsing error: invalid sfntVersion: 1008821359 @ https://www.reactbits.dev/animations/metallic-paint:0
[   36045ms] [WARNING] Failed to decode downloaded font: https://www.reactbits.dev/assets/css/geist/dist/fonts/geist-sans/Geist-Variable.woff2 @ https://www.reactbits.dev/animations/metallic-paint:0
[   36045ms] [WARNING] OTS parsing error: invalid sfntVersion: 1008821359 @ https://www.reactbits.dev/animations/metallic-paint:0
[   36045ms] [WARNING] Failed to decode downloaded font: https://www.reactbits.dev/assets/css/geist/dist/fonts/geist-mono/GeistMono-Variable.woff2 @ https://www.reactbits.dev/animations/metallic-paint:0
[   36045ms] [WARNING] OTS parsing error: invalid sfntVersion: 1008821359 @ https://www.reactbits.dev/animations/metallic-paint:0
[   36297ms] [WARNING] Failed to decode downloaded font: https://www.reactbits.dev/assets/css/geist/dist/fonts/geist-sans/Geist-Variable.woff2 @ https://www.reactbits.dev/assets/index-CH3Tu9gL.js:229
[   36297ms] [WARNING] OTS parsing error: invalid sfntVersion: 1008821359 @ https://www.reactbits.dev/assets/index-CH3Tu9gL.js:229
[   36297ms] [WARNING] Failed to decode downloaded font: https://www.reactbits.dev/assets/css/geist/dist/fonts/geist-mono/GeistMono-Variable.woff2 @ https://www.reactbits.dev/assets/index-CH3Tu9gL.js:229
[   36297ms] [WARNING] OTS parsing error: invalid sfntVersion: 1008821359 @ https://www.reactbits.dev/assets/index-CH3Tu9gL.js:229
[  101235ms] [WARNING] Failed to decode downloaded font: https://www.reactbits.dev/assets/css/geist/dist/fonts/geist-sans/Geist-Variable.woff2 @ https://www.reactbits.dev/components/depth-carousel:0
[  101235ms] [WARNING] OTS parsing error: invalid sfntVersion: 1008821359 @ https://www.reactbits.dev/components/depth-carousel:0
[  101235ms] [WARNING] Failed to decode downloaded font: https://www.reactbits.dev/assets/css/geist/dist/fonts/geist-mono/GeistMono-Variable.woff2 @ https://www.reactbits.dev/components/depth-carousel:0
[  101235ms] [WARNING] OTS parsing error: invalid sfntVersion: 1008821359 @ https://www.reactbits.dev/components/depth-carousel:0
[  101269ms] [WARNING] Failed to decode downloaded font: https://www.reactbits.dev/assets/css/geist/dist/fonts/geist-sans/Geist-Variable.woff2 @ https://www.reactbits.dev/components/depth-carousel:0
[  101269ms] [WARNING] OTS parsing error: invalid sfntVersion: 1008821359 @ https://www.reactbits.dev/components/depth-carousel:0
[  101269ms] [WARNING] Failed to decode downloaded font: https://www.reactbits.dev/assets/css/geist/dist/fonts/geist-mono/GeistMono-Variable.woff2 @ https://www.reactbits.dev/components/depth-carousel:0
[  101269ms] [WARNING] OTS parsing error: invalid sfntVersion: 1008821359 @ https://www.reactbits.dev/components/depth-carousel:0
[  101335ms] [WARNING] Failed to decode downloaded font: https://www.reactbits.dev/assets/css/geist/dist/fonts/geist-sans/Geist-Variable.woff2 @ https://www.reactbits.dev/components/depth-carousel:0
[  101336ms] [WARNING] OTS parsing error: invalid sfntVersion: 1008821359 @ https://www.reactbits.dev/components/depth-carousel:0
[  101336ms] [WARNING] Failed to decode downloaded font: https://www.reactbits.dev/assets/css/geist/dist/fonts/geist-mono/GeistMono-Variable.woff2 @ https://www.reactbits.dev/components/depth-carousel:0
[  101336ms] [WARNING] OTS parsing error: invalid sfntVersion: 1008821359 @ https://www.reactbits.dev/components/depth-carousel:0
[  102560ms] [WARNING] Failed to decode downloaded font: https://www.reactbits.dev/assets/css/geist/dist/fonts/geist-sans/Geist-Variable.woff2 @ https://www.reactbits.dev/components/depth-carousel:0
[  102561ms] [WARNING] OTS parsing error: invalid sfntVersion: 1008821359 @ https://www.reactbits.dev/components/depth-carousel:0
[  102561ms] [WARNING] Failed to decode downloaded font: https://www.reactbits.dev/assets/css/geist/dist/fonts/geist-mono/GeistMono-Variable.woff2 @ https://www.reactbits.dev/components/depth-carousel:0
[  102561ms] [WARNING] OTS parsing error: invalid sfntVersion: 1008821359 @ https://www.reactbits.dev/components/depth-carousel:0
